
/home/baniputrabangsawan/project-web/yellow-barbershop-makassar/src/actions/admin-testimonial.ts
  6:15  warning  'Testimonial' is defined but never used  @typescript-eslint/no-unused-vars

/home/baniputrabangsawan/project-web/yellow-barbershop-makassar/src/actions/settings.ts
  18:8  error  Unexpected any. Specify a different type  @typescript-eslint/no-explicit-any

/home/baniputrabangsawan/project-web/yellow-barbershop-makassar/src/app/admin/(protected)/admin-queue-client.tsx
  102:21  error  Unexpected any. Specify a different type  @typescript-eslint/no-explicit-any
  117:21  error  Unexpected any. Specify a different type  @typescript-eslint/no-explicit-any
  198:34  error  Unexpected any. Specify a different type  @typescript-eslint/no-explicit-any
  297:47  error  Unexpected any. Specify a different type  @typescript-eslint/no-explicit-any
  311:46  error  Unexpected any. Specify a different type  @typescript-eslint/no-explicit-any

/home/baniputrabangsawan/project-web/yellow-barbershop-makassar/src/app/admin/(protected)/content/testimonial/testimonial-client.tsx
  219:21  error  `"` can be escaped with `&quot;`, `&ldquo;`, `&#34;`, `&rdquo;`  react/no-unescaped-entities
  219:43  error  `"` can be escaped with `&quot;`, `&ldquo;`, `&#34;`, `&rdquo;`  react/no-unescaped-entities

/home/baniputrabangsawan/project-web/yellow-barbershop-makassar/src/app/admin/(protected)/content/testimonials/testimonials-client.tsx
   15:89  error  Unexpected any. Specify a different type                         @typescript-eslint/no-explicit-any
   21:50  error  Unexpected any. Specify a different type                         @typescript-eslint/no-explicit-any
   87:27  error  Unexpected any. Specify a different type                         @typescript-eslint/no-explicit-any
  161:19  error  `"` can be escaped with `&quot;`, `&ldquo;`, `&#34;`, `&rdquo;`  react/no-unescaped-entities
  161:34  error  `"` can be escaped with `&quot;`, `&ldquo;`, `&#34;`, `&rdquo;`  react/no-unescaped-entities

/home/baniputrabangsawan/project-web/yellow-barbershop-makassar/src/app/admin/(protected)/layout.tsx
  4:53  warning  'ShieldCheck' is defined but never used  @typescript-eslint/no-unused-vars

/home/baniputrabangsawan/project-web/yellow-barbershop-makassar/src/app/admin/(protected)/settings/settings-form.tsx
  34:7  error  Error: Calling setState synchronously within an effect can trigger cascading renders

Effects are intended to synchronize state between React and external systems such as manually updating the DOM, state management libraries, or other platform APIs. In general, the body of an effect should do one or both of the following:
* Update external systems with the latest state from React.
* Subscribe for updates from some external system, calling setState in a callback function when external state changes.

Calling setState synchronously within an effect body causes cascading renders that can hurt performance, and is not recommended. (https://react.dev/learn/you-might-not-need-an-effect).

/home/baniputrabangsawan/project-web/yellow-barbershop-makassar/src/app/admin/(protected)/settings/settings-form.tsx:34:7
  32 |     const selectedAdmin = adminAccounts.find(a => a.user_id === targetAdmin);
  33 |     if (selectedAdmin) {
> 34 |       setNewUsername(selectedAdmin.username);
     |       ^^^^^^^^^^^^^^ Avoid calling setState() directly within an effect
  35 |     }
  36 |   }, [targetAdmin, adminAccounts]);
  37 |  react-hooks/set-state-in-effect

/home/baniputrabangsawan/project-web/yellow-barbershop-makassar/src/app/queue/queue-form.tsx
  92:29  warning  Compilation Skipped: Use of incompatible library

This API returns functions which cannot be memoized without leading to stale UI. To prevent this, by default React Compiler will skip memoizing this component/hook. However, you may see issues if values from this API are passed to other components/hooks that are memoized.

/home/baniputrabangsawan/project-web/yellow-barbershop-makassar/src/app/queue/queue-form.tsx:92:29
  90 |   });
  91 |
> 92 |   const selectedServiceId = watch("serviceId");
     |                             ^^^^^ React Hook Form's `useForm()` API returns a `watch()` function which cannot be memoized safely.
  93 |   const selectedBranchId = watch("branchId");
  94 |   const selectedService = options.services.find(
  95 |     (s: Service) => s.id === selectedServiceId  react-hooks/incompatible-library

/home/baniputrabangsawan/project-web/yellow-barbershop-makassar/src/lib/supabase/admin.ts
  2:15  warning  'Database' is defined but never used  @typescript-eslint/no-unused-vars

/home/baniputrabangsawan/project-web/yellow-barbershop-makassar/src/lib/supabase/public.ts
  2:15  warning  'Database' is defined but never used  @typescript-eslint/no-unused-vars

✖ 19 problems (14 errors, 5 warnings)

